// Vitest Snapshot v1, https://vitest.dev/guide/snapshot.html

exports[`matches snapshot on initial load 1`] = `
<div>
  <img
    src="https://upload.wikimedia.org/wikipedia/en/1/1a/Miles_%22Tails%22_Prower_Sonic_and_All-Stars_Racing_Transformed.png"
  />
</div>
`;
