// Vitest Snapshot v1, https://vitest.dev/guide/snapshot.html

exports[`matches the snapshot 1`] = `
<div>
  <div>
    <button>
       FLIP ME
    </button>
    <h5>
      Out of 
      0
       flips, there have been 
      0
       heads and 
      0
       tails. 
    </h5>
  </div>
</div>
`;
